// Jest Snapshot v1, https://goo.gl/fbAQLP

exports[`RenderPage renders the page unchanged 1`] = `
<div>
  <div
    class="container"
  >
    <div>
      <h2>
        About
      </h2>
      <p>
        機械、電気、プログラミングなどで遊び、学んだ内容を発信します。
        <br />
        ただし、今はp5.jsにハマっているため、その内容ばかり。
      </p>
    </div>
    <div>
      <h2>
        Profile
      </h2>
      <p>
        メーカーに勤務する機械系エンジニアです。
        <br />
        プログラミングは趣味ですが、副業できるレベルを目指しています。
      </p>
    </div>
  </div>
</div>
`;
